
Discarded input sections

 .group         0x00000000        0xc o_files/main.o
 .group         0x00000000        0xc o_files/main.o
 .group         0x00000000        0xc o_files/main.o
 .group         0x00000000        0xc o_files/stm32_startup.o
 .group         0x00000000        0xc o_files/stm32_startup.o
 .group         0x00000000        0xc o_files/stm32_startup.o
 .debug_macro   0x00000000      0xaba o_files/stm32_startup.o
 .debug_macro   0x00000000      0x34e o_files/stm32_startup.o
 .debug_macro   0x00000000      0x190 o_files/stm32_startup.o
 .group         0x00000000        0xc o_files/task.o
 .group         0x00000000        0xc o_files/task.o
 .group         0x00000000        0xc o_files/task.o
 .group         0x00000000        0xc o_files/task.o
 .group         0x00000000        0xc o_files/task.o
 .group         0x00000000        0xc o_files/task.o
 .group         0x00000000        0xc o_files/task.o
 .group         0x00000000        0xc o_files/task.o
 .group         0x00000000        0xc o_files/task.o
 .group         0x00000000        0xc o_files/task.o
 .group         0x00000000        0xc o_files/task.o
 .group         0x00000000        0xc o_files/task.o
 .group         0x00000000        0xc o_files/task.o
 .group         0x00000000        0xc o_files/task.o
 .group         0x00000000        0xc o_files/task.o
 .group         0x00000000        0xc o_files/task.o
 .group         0x00000000        0xc o_files/task.o
 .group         0x00000000        0xc o_files/task.o
 .group         0x00000000        0xc o_files/task.o
 .group         0x00000000        0xc o_files/task.o
 .group         0x00000000        0xc o_files/task.o
 .debug_macro   0x00000000      0xaba o_files/task.o
 .debug_macro   0x00000000      0x34e o_files/task.o
 .debug_macro   0x00000000      0x190 o_files/task.o
 .group         0x00000000        0xc o_files/m_heap.o
 .group         0x00000000        0xc o_files/m_heap.o
 .group         0x00000000        0xc o_files/m_heap.o
 .debug_macro   0x00000000      0xaba o_files/m_heap.o
 .debug_macro   0x00000000      0x34e o_files/m_heap.o
 .debug_macro   0x00000000      0x190 o_files/m_heap.o

Memory Configuration

Name             Origin             Length             Attributes
FLASH            0x08000000         0x00020000         xr
RAM              0x20000000         0x00002000         xrw
*default*        0x00000000         0xffffffff

Linker script and memory map


.text           0x08000000      0x550
                0x08000000                        . = ALIGN (0x4)
                0x08000000                        _stext = .
 *(.vector_table)
 .vector_table  0x08000000       0x40 o_files/stm32_startup.o
                0x08000000                vector_table
 *(.text*)
 .text          0x08000040      0x110 o_files/main.o
                0x08000040                test_st
                0x08000056                task1
                0x08000082                task2
                0x080000ae                task3
                0x080000de                setup
                0x0800012c                app_main
 .text          0x08000150      0x11c o_files/stm32_startup.o
                0x08000150                reset_handler
                0x080001c4                NMI_Handler
                0x080001c4                Default_Handler
                0x080001ca                Hard_fault
                0x080001d6                Systick_Init
                0x08000208                Systick_Handler
                0x08000220                PendSv_handler
                0x08000254                SVC_Handler
 .text          0x0800026c      0x240 o_files/task.o
                0x0800026c                thread_exit
                0x08000274                create_thread
                0x08000460                start_routines
                0x0800047c                next_task
 .text          0x080004ac       0x8a o_files/m_heap.o
                0x080004ac                destroy_dumb
                0x080004d6                allocate_dumb
 *(.rodata*)
 *fill*         0x08000536        0x2 
 .rodata        0x08000538       0x16 o_files/main.o
                0x08000550                        . = ALIGN (0x4)
 *fill*         0x0800054e        0x2 
                0x08000550                        _etext = .
                0x08000550                        _sidata = LOADADDR (.data)

.glue_7         0x08000550        0x0
 .glue_7        0x08000550        0x0 linker stubs

.glue_7t        0x08000550        0x0
 .glue_7t       0x08000550        0x0 linker stubs

.vfp11_veneer   0x08000550        0x0
 .vfp11_veneer  0x08000550        0x0 linker stubs

.v4_bx          0x08000550        0x0
 .v4_bx         0x08000550        0x0 linker stubs

.iplt           0x08000550        0x0
 .iplt          0x08000550        0x0 o_files/main.o

.rel.dyn        0x08000550        0x0
 .rel.iplt      0x08000550        0x0 o_files/main.o

.data           0x20000000       0x10 load address 0x08000550
                0x20000000                        . = ALIGN (0x4)
                0x20000000                        _sdata = .
 *(.data*)
 .data          0x20000000        0x0 o_files/main.o
 .data          0x20000000        0x0 o_files/stm32_startup.o
 .data          0x20000000       0x10 o_files/task.o
                0x20000000                my_heap
 .data          0x20000010        0x0 o_files/m_heap.o
                0x20000010                        . = ALIGN (0x4)
                0x20000010                        _edata = .

.igot.plt       0x20000010        0x0 load address 0x08000560
 .igot.plt      0x20000010        0x0 o_files/main.o

.bss            0x20000010      0x80c load address 0x08000560
                0x20000010                        . = ALIGN (0x4)
                0x20000010                        _sbss = .
 *(.bss*)
 .bss           0x20000010        0x0 o_files/main.o
 .bss           0x20000010        0x0 o_files/stm32_startup.o
 .bss           0x20000010      0x80c o_files/task.o
                0x20000010                my_dump_heap
                0x20000814                head
                0x20000818                current_task
 .bss           0x2000081c        0x0 o_files/m_heap.o
                0x2000081c                        . = ALIGN (0x4)
                0x2000081c                        _ebss = .
                0x20002000                        _estack = (ORIGIN (RAM) + LENGTH (RAM))
LOAD o_files/main.o
LOAD o_files/stm32_startup.o
LOAD o_files/task.o
LOAD o_files/m_heap.o
OUTPUT(shc.elf elf32-littlearm)
LOAD linker stubs

.debug_info     0x00000000      0x82d
 .debug_info    0x00000000      0x1b3 o_files/main.o
 .debug_info    0x000001b3      0x20b o_files/stm32_startup.o
 .debug_info    0x000003be      0x311 o_files/task.o
 .debug_info    0x000006cf      0x15e o_files/m_heap.o

.debug_abbrev   0x00000000      0x50e
 .debug_abbrev  0x00000000      0x127 o_files/main.o
 .debug_abbrev  0x00000127      0x14c o_files/stm32_startup.o
 .debug_abbrev  0x00000273      0x1ba o_files/task.o
 .debug_abbrev  0x0000042d       0xe1 o_files/m_heap.o

.debug_aranges  0x00000000       0x80
 .debug_aranges
                0x00000000       0x20 o_files/main.o
 .debug_aranges
                0x00000020       0x20 o_files/stm32_startup.o
 .debug_aranges
                0x00000040       0x20 o_files/task.o
 .debug_aranges
                0x00000060       0x20 o_files/m_heap.o

.debug_macro    0x00000000     0x1a7e
 .debug_macro   0x00000000       0x4f o_files/main.o
 .debug_macro   0x0000004f      0xaba o_files/main.o
 .debug_macro   0x00000b09      0x34e o_files/main.o
 .debug_macro   0x00000e57      0x190 o_files/main.o
 .debug_macro   0x00000fe7       0x73 o_files/stm32_startup.o
 .debug_macro   0x0000105a      0x11b o_files/task.o
 .debug_macro   0x00001175       0x24 o_files/task.o
 .debug_macro   0x00001199       0x22 o_files/task.o
 .debug_macro   0x000011bb       0x60 o_files/task.o
 .debug_macro   0x0000121b       0x94 o_files/task.o
 .debug_macro   0x000012af       0x3c o_files/task.o
 .debug_macro   0x000012eb       0x34 o_files/task.o
 .debug_macro   0x0000131f       0x16 o_files/task.o
 .debug_macro   0x00001335       0x3c o_files/task.o
 .debug_macro   0x00001371       0x57 o_files/task.o
 .debug_macro   0x000013c8      0x370 o_files/task.o
 .debug_macro   0x00001738       0x16 o_files/task.o
 .debug_macro   0x0000174e       0x4a o_files/task.o
 .debug_macro   0x00001798       0x34 o_files/task.o
 .debug_macro   0x000017cc       0x10 o_files/task.o
 .debug_macro   0x000017dc       0x52 o_files/task.o
 .debug_macro   0x0000182e      0x1de o_files/task.o
 .debug_macro   0x00001a0c       0x16 o_files/task.o
 .debug_macro   0x00001a22       0x29 o_files/task.o
 .debug_macro   0x00001a4b       0x33 o_files/m_heap.o

.debug_line     0x00000000      0x5ef
 .debug_line    0x00000000       0xfc o_files/main.o
 .debug_line    0x000000fc      0x120 o_files/stm32_startup.o
 .debug_line    0x0000021c      0x2e4 o_files/task.o
 .debug_line    0x00000500       0xef o_files/m_heap.o

.debug_str      0x00000000     0x6b2d
 .debug_str     0x00000000     0x6b2d o_files/main.o
                               0x3cc3 (size before relaxing)
 .debug_str     0x00006b2d     0x3df0 o_files/stm32_startup.o
 .debug_str     0x00006b2d     0x6ac6 o_files/task.o
 .debug_str     0x00006b2d     0x3c35 o_files/m_heap.o

.comment        0x00000000       0x26
 .comment       0x00000000       0x26 o_files/main.o
                                 0x27 (size before relaxing)
 .comment       0x00000026       0x27 o_files/stm32_startup.o
 .comment       0x00000026       0x27 o_files/task.o
 .comment       0x00000026       0x27 o_files/m_heap.o

.ARM.attributes
                0x00000000       0x2d
 .ARM.attributes
                0x00000000       0x2d o_files/main.o
 .ARM.attributes
                0x0000002d       0x2d o_files/stm32_startup.o
 .ARM.attributes
                0x0000005a       0x2d o_files/task.o
 .ARM.attributes
                0x00000087       0x2d o_files/m_heap.o

.debug_frame    0x00000000      0x2ac
 .debug_frame   0x00000000       0xf4 o_files/main.o
 .debug_frame   0x000000f4       0xd0 o_files/stm32_startup.o
 .debug_frame   0x000001c4       0x88 o_files/task.o
 .debug_frame   0x0000024c       0x60 o_files/m_heap.o
